[2026-09-01T22:19:57.768Z][INFO] Command-line: /home/windows/Unity/Hub/Editor/6000.5.10f1/Editor/Data/Resources/PackageManager/Server/UnityPackageManager server -s 3122 --ipc-path /tmp/Unity-Upm-3122.sock -l 2 --log-file /home/windows/abyss/Logs/upm.log
[2026-09-01T22:19:57.801Z][INFO] IPC server started (IPC path=/tmp/Unity-Upm-3122.sock).
[2026-09-01T22:19:57.801Z][INFO] Hint: To connect to this UPM instance, launch Unity with the command-line parameter -upmIpcPath Upm-3122.
[2026-09-01T22:19:59.704Z][INFO] project:list-packages <-- Request received
params: {}
[2026-09-01T22:19:59.720Z][INFO] project:list-packages <-- Request received
params: {}
[2026-09-01T22:20:00.082Z][INFO] project:list-packages --> 200 (377 ms)
[2026-09-01T22:20:03.510Z][INFO] project:list-packages --> 200 (3790 ms)
[2026-09-01T22:20:03.791Z][INFO] project:list-packages <-- Request received
params: {}
[2026-09-01T22:20:03.801Z][INFO] config:project:get-registries <-- Request received
params: {}
[2026-09-01T22:20:03.827Z][INFO] config:project:get-registries --> 200 (26 ms)
[2026-09-01T22:20:03.986Z][INFO] project:list-packages --> 200 (195 ms)
[2026-09-01T22:20:09.303Z][INFO] project:list-packages <-- Request received
params: {}
[2026-09-01T22:20:09.333Z][INFO] project:list-packages <-- Request received
params: {}
[2026-09-01T22:20:09.583Z][INFO] project:list-packages --> 200 (280 ms)
[2026-09-01T22:20:09.658Z][INFO] project:list-packages --> 200 (325 ms)
[2026-09-01T22:20:12.402Z][INFO] project:list-packages <-- Request received
params: {}
[2026-09-01T22:20:12.565Z][INFO] project:list-packages --> 200 (163 ms)
[2026-09-01T22:20:12.574Z][INFO] config:project:get-registries <-- Request received
params: {}
[2026-09-01T22:20:12.578Z][INFO] config:project:get-registries --> 200 (4 ms)
[2026-09-01T22:20:15.933Z][INFO] project:list-packages <-- Request received
params: {}
[2026-09-01T22:20:16.126Z][INFO] project:list-packages --> 200 (194 ms)
[2026-09-01T22:20:19.452Z][INFO] project:list-packages <-- Request received
params: {}
[2026-09-01T22:20:19.639Z][INFO] project:list-packages --> 200 (188 ms)
[2026-09-01T23:00:20.320Z][INFO] Received shutdown request (SIGINT), shutting down Unity Package Manager
